00 [{"t":"section_header","title":"Note"},{"t":"text","text":"Body paragraph."},{"t":"divider"},{"style":"caption","t":"text","text":"Footer"}]
01 [{"rows":[{"cells":[{"spans":[{"text":"Task"}]},{"spans":[{"text":"State"}]}],"kind":"header"},{"cells":[{"spans":[{"text":"Write spec"}]},{"spans":[{"font_weight":"bold","text":"DONE"}]}],"kind":"data"}],"t":"table"}]
02 [{"children":[{"children":[{"t":"text","text":"Agenda item"}],"on_tap":{"action":"agenda.open"},"t":"card"}],"spacing":8,"t":"column"}]
03 [{"spans":[{"text":"Mixed "},{"italic":true,"text":"styles"},{"mono":true,"text":" inline"}],"t":"rich_text"}]
