00 {"valid":true,"node":{"t":"column","semantics":{"name":"Inbox","description":"Messages","state_description":"3 unread","error":"Sync delayed","pane_title":"Inbox","heading_level":1,"live_region":"polite","collection":{"row_count":2,"column_count":1},"traversal_group":true,"traversal_index":0,"actions":[{"label":"Refresh","on_action":{"action":"inbox.refresh"}}]},"children":[{"t":"text","text":"First","semantics":{"collection_item":{"row_index":0,"row_span":1,"column_index":0,"column_span":1},"traversal_index":1}},{"t":"text","text":"Second","semantics":{"collection_item":{"row_index":1,"row_span":1,"column_index":0,"column_span":1},"traversal_index":1}}]}}
01 {"valid":true,"node":{"t":"text","text":"Forward compatible","semantics":{"future_member":{"arbitrary":true},"collection":{"row_count":0,"column_count":1,"future_count":"ignored"}}}}
02 {"valid":false,"reason":"non-empty plain string","node":{"t":"text","text":"x","semantics":{"name":""}}}
03 {"valid":false,"reason":"integer 1..6","node":{"t":"section_header","title":"x","semantics":{"heading_level":7}}}
04 {"valid":false,"reason":"polite or assertive","node":{"t":"text","text":"x","semantics":{"live_region":"immediate"}}}
05 {"valid":false,"reason":"non-negative integer","node":{"t":"column","children":[],"semantics":{"collection":{"row_count":-1,"column_count":1}}}}
06 {"valid":false,"reason":"positive integer","node":{"t":"column","children":[],"semantics":{"collection":{"row_count":1,"column_count":0}}}}
07 {"valid":false,"reason":"requires an authored collection ancestor","node":{"t":"text","text":"orphan","semantics":{"collection_item":{"row_index":0,"row_span":1,"column_index":0,"column_span":1}}}}
08 {"valid":false,"reason":"row range exceeds ancestor collection","node":{"t":"column","semantics":{"collection":{"row_count":1,"column_count":1}},"children":[{"t":"text","text":"overflow","semantics":{"collection_item":{"row_index":1,"row_span":1,"column_index":0,"column_span":1}}}]}}
09 {"valid":false,"reason":"column range exceeds ancestor collection","node":{"t":"column","semantics":{"collection":{"row_count":2,"column_count":2}},"children":[{"t":"column","semantics":{"collection":{"row_count":1,"column_count":1}},"children":[{"t":"text","text":"nearest wins","semantics":{"collection_item":{"row_index":0,"row_span":1,"column_index":1,"column_span":1}}}]}]}}
10 {"valid":false,"reason":"must be a boolean","node":{"t":"text","text":"x","semantics":{"traversal_group":1}}}
11 {"valid":false,"reason":"finite number","node":{"t":"text","text":"x","semantics":{"traversal_index":"first"}}}
12 {"valid":false,"reason":"max_semantic_actions_per_node","node":{"t":"button","label":"x","on_tap":{"action":"x.tap"},"semantics":{"actions":[{"label":"A0","on_action":{"action":"x.a0"}},{"label":"A1","on_action":{"action":"x.a1"}},{"label":"A2","on_action":{"action":"x.a2"}},{"label":"A3","on_action":{"action":"x.a3"}},{"label":"A4","on_action":{"action":"x.a4"}},{"label":"A5","on_action":{"action":"x.a5"}},{"label":"A6","on_action":{"action":"x.a6"}},{"label":"A7","on_action":{"action":"x.a7"}},{"label":"A8","on_action":{"action":"x.a8"}}]}}}
13 {"valid":false,"reason":"duplicate semantic action label","node":{"t":"button","label":"x","on_tap":{"action":"x.tap"},"semantics":{"actions":[{"label":"Open","on_action":{"action":"x.one"}},{"label":"Open","on_action":{"action":"x.two"}}]}}}
14 {"valid":false,"reason":"contain a dot","node":{"t":"button","label":"x","on_tap":{"action":"x.tap"},"semantics":{"actions":[{"label":"Bad","on_action":{"action":"bad"}}]}}}
15 {"valid":false,"reason":"unknown builtin","node":{"t":"button","label":"x","on_tap":{"action":"x.tap"},"semantics":{"actions":[{"label":"Bad","on_action":{"builtin":"not.registered"}}]}}}
16 {"valid":false,"reason":"must be an object","node":{"t":"text","text":"x","semantics":"not-an-object"}}
17 {"valid":false,"reason":"must be an array","node":{"t":"text","text":"x","semantics":{"actions":{}}}}
18 {"valid":false,"reason":"ActionDescriptor","node":{"t":"text","text":"x","semantics":{"actions":[{"label":"Missing","on_action":null}]}}}
