00 {"body":{"children":[{"t":"text","text":"✱  Capture"}],"on_tap":{"action":"grove.capture","ttl_s":86400,"when_offline":"wake"},"t":"box"},"empty":{"t":"text","text":"Capture unavailable"},"title":"Capture"}
01 {"body":{"children":[{"children":[{"t":"text","text":"TODAY  2"},{"t":"divider"},{"children":[{"t":"text","text":"TODO Write project brief"},{"t":"text","text":"09:00 · work.org"}],"on_tap":{"action":"grove.agenda.open"},"t":"box"}],"t":"column"}],"t":"lazy_column"},"empty":{"t":"text","text":"Nothing scheduled"},"header_action":{"action":"grove.capture","ttl_s":86400,"when_offline":"wake"},"size_variants":[{"body":{"children":[{"t":"text","text":"Agenda"},{"t":"text","text":"2 today · 5 in 7 days"},{"t":"divider"},{"t":"text","text":"TODO Write project brief"}],"t":"column"},"min_height":160,"min_width":280},{"body":{"children":[{"t":"text","text":"Agenda · 2 today"},{"t":"divider"},{"t":"text","text":"TODO Write project brief"}],"t":"column"},"min_height":80,"min_width":180}],"title":"Agenda"}
